=== 3 validate_public_content ===
Public content validation passed: 607 file(s)
EXIT3:0
=== 4 audit_guide_quality ===
Guide articles: 140
ERROR: 0  WARN: 0
EXIT4:0
=== 5 audit_glossary_quality ===
用語 422 件（詳細記事 406 件）
ERROR 0 / WARN 1 / INFO 220

--- WARN ---
  [duplicate_sentence] グリセリン: 本文内に同一・類似文が重複

--- INFO ---
  [source_alignment] pH: リードのキーワードが問題DB解説で未確認（手書き・要目視）
  [source_alignment] アセトアルデヒド: リードのキーワードが問題DB解説で未確認（手書き・要目視）
  [source_alignment] アセトン: リードのキーワードが問題DB解説で未確認（手書き・要目視）
  [source_alignment] アルカリの性質: リードのキーワードが問題DB解説で未確認（手書き・要目視）
  [source_alignment] アルコール類の基礎: リードのキーワードが問題DB解説で未確認（手書き・要目視）
  [source_alignment] イオン: リードのキーワードが問題DB解説で未確認（手書き・要目視）
  [source_alignment] エタノール: リードのキーワードが問題DB解説で未確認（手書き・要目視）
  [source_alignment] ガソリン: リードのキーワードが問題DB解説で未確認（手書き・要目視）
  [source_alignment] キシレン・酢酸などの第二石油類: リードのキーワードが問題DB解説で未確認（手書き・要目視）
  [source_alignment] クレオソート油・アニリン・エチレングリコール: リードのキーワードが問題DB解説で未確認（手書き・要目視）
  [source_alignment] グリセリン: リードのキーワードが問題DB解説で未確認（手書き・要目視）
  [source_alignment] ジエチルエーテル: リードのキーワードが問題DB解説で未確認（手書き・要目視）
  [source_alignment] セルフ式給油取扱所の基準: リードのキーワードが問題DB解説で未確認（手書き・要目視）
  [source_alignment] ベンゼン: リードのキーワードが問題DB解説で未確認（手書き・要目視）
  [source_alignment] ベンゼン・トルエン: リードのキーワードが問題DB解説で未確認（手書き・要目視）
EXIT5:0
=== 6 audit_glossary_article_quality ===
用語数: 422
実践演習未連動: 3
本文が120字未満（内容薄）: 0
演習連動だが選択肢根拠風の段落なし: 0
定型フレーズ2件以上含有: 3
EXIT6:0
