[WARN] data/glossary_terms.csv:14 - example_answer は詳細記事用の任意列です。本文としては短めです
[WARN] data/glossary_terms.csv:14 - related_terms の 'アルカリ' は用語ページにリンク化されません（登録済み用語名に直すと内部リンクになります）
[WARN] data/glossary_terms.csv:15 - example_answer は詳細記事用の任意列です。本文としては短めです
[WARN] data/glossary_terms.csv:16 - example_answer は詳細記事用の任意列です。本文としては短めです
[WARN] data/glossary_terms.csv:17 - example_answer は詳細記事用の任意列です。本文としては短めです
[WARN] data/glossary_terms.csv:18 - example_answer は詳細記事用の任意列です。本文としては短めです
[WARN] data/glossary_terms.csv:19 - example_answer は詳細記事用の任意列です。本文としては短めです
[WARN] data/glossary_terms.csv:20 - example_answer は詳細記事用の任意列です。本文としては短めです
[WARN] data/glossary_terms.csv:21 - example_answer は詳細記事用の任意列です。本文としては短めです
[WARN] data/glossary_terms.csv:21 - related_terms の 'アルカリ' は用語ページにリンク化されません（登録済み用語名に直すと内部リンクになります）
[WARN] data/glossary_terms.csv:22 - example_answer は詳細記事用の任意列です。本文としては短めです
[WARN] data/glossary_terms.csv:23 - example_answer は詳細記事用の任意列です。本文としては短めです
[WARN] data/glossary_terms.csv:24 - example_answer は詳細記事用の任意列です。本文としては短めです
[WARN] data/glossary_terms.csv:25 - example_answer は詳細記事用の任意列です。本文としては短めです
[WARN] data/glossary_terms.csv:26 - example_answer は詳細記事用の任意列です。本文としては短めです
[WARN] data/glossary_terms.csv:27 - example_answer は詳細記事用の任意列です。本文としては短めです
[WARN] data/glossary_terms.csv:28 - example_answer は詳細記事用の任意列です。本文としては短めです
[WARN] data/glossary_terms.csv:29 - example_answer は詳細記事用の任意列です。本文としては短めです
[WARN] data/glossary_terms.csv:30 - example_answer は詳細記事用の任意列です。本文としては短めです
[WARN] data/glossary_terms.csv:31 - example_answer は詳細記事用の任意列です。本文としては短めです
[WARN] data/glossary_terms.csv:32 - example_answer は詳細記事用の任意列です。本文としては短めです
[WARN] data/glossary_terms.csv:33 - example_answer は詳細記事用の任意列です。本文としては短めです
[WARN] data/glossary_terms.csv:34 - example_answer は詳細記事用の任意列です。本文としては短めです
[WARN] data/glossary_terms.csv:35 - example_answer は詳細記事用の任意列です。本文としては短めです
[WARN] data/glossary_terms.csv:36 - example_answer は詳細記事用の任意列です。本文としては短めです
[WARN] data/glossary_terms.csv:37 - example_answer は詳細記事用の任意列です。本文としては短めです
[WARN] data/glossary_terms.csv:38 - example_answer は詳細記事用の任意列です。本文としては短めです
[WARN] data/glossary_terms.csv:39 - example_answer は詳細記事用の任意列です。本文としては短めです
[WARN] data/glossary_terms.csv:40 - example_answer は詳細記事用の任意列です。本文としては短めです
[WARN] data/glossary_terms.csv:41 - example_answer は詳細記事用の任意列です。本文としては短めです
[WARN] data/glossary_terms.csv:42 - example_answer は詳細記事用の任意列です。本文としては短めです
[WARN] data/glossary_terms.csv:43 - example_answer は詳細記事用の任意列です。本文としては短めです
[WARN] data/glossary_terms.csv:44 - example_answer は詳細記事用の任意列です。本文としては短めです
[WARN] data/glossary_terms.csv:45 - example_answer は詳細記事用の任意列です。本文としては短めです
[WARN] data/glossary_terms.csv:46 - example_answer は詳細記事用の任意列です。本文としては短めです
[WARN] data/glossary_terms.csv:47 - example_answer は詳細記事用の任意列です。本文としては短めです
[WARN] data/glossary_terms.csv:48 - example_answer は詳細記事用の任意列です。本文としては短めです
[WARN] data/glossary_terms.csv:49 - example_answer は詳細記事用の任意列です。本文としては短めです
[WARN] data/glossary_terms.csv:50 - example_answer は詳細記事用の任意列です。本文としては短めです
[WARN] data/glossary_terms.csv:50 - related_terms の 'アルカリ' は用語ページにリンク化されません（登録済み用語名に直すと内部リンクになります）
[WARN] data/glossary_terms.csv:51 - example_answer は詳細記事用の任意列です。本文としては短めです
[WARN] data/glossary_terms.csv:52 - example_answer は詳細記事用の任意列です。本文としては短めです
[WARN] data/glossary_terms.csv:53 - example_answer は詳細記事用の任意列です。本文としては短めです
[WARN] data/glossary_terms.csv:54 - example_answer は詳細記事用の任意列です。本文としては短めです
[WARN] data/glossary_terms.csv:55 - example_answer は詳細記事用の任意列です。本文としては短めです
[WARN] data/glossary_terms.csv:56 - example_answer は詳細記事用の任意列です。本文としては短めです
[WARN] data/glossary_terms.csv:57 - example_answer は詳細記事用の任意列です。本文としては短めです
[WARN] data/glossary_terms.csv:58 - example_answer は詳細記事用の任意列です。本文としては短めです
[WARN] data/glossary_terms.csv:59 - example_answer は詳細記事用の任意列です。本文としては短めです
[WARN] data/glossary_terms.csv:60 - example_answer は詳細記事用の任意列です。本文としては短めです
[WARN] data/glossary_terms.csv:61 - example_answer は詳細記事用の任意列です。本文としては短めです
[WARN] data/glossary_terms.csv:62 - example_answer は詳細記事用の任意列です。本文としては短めです
[WARN] data/glossary_terms.csv:63 - example_answer は詳細記事用の任意列です。本文としては短めです
[WARN] data/glossary_terms.csv:64 - example_answer は詳細記事用の任意列です。本文としては短めです
[WARN] data/glossary_terms.csv:65 - example_answer は詳細記事用の任意列です。本文としては短めです
[WARN] data/glossary_terms.csv:66 - example_answer は詳細記事用の任意列です。本文としては短めです
[WARN] data/glossary_terms.csv:67 - example_answer は詳細記事用の任意列です。本文としては短めです
[WARN] data/glossary_terms.csv:68 - example_answer は詳細記事用の任意列です。本文としては短めです
[WARN] data/glossary_terms.csv:69 - example_answer は詳細記事用の任意列です。本文としては短めです
[WARN] data/glossary_terms.csv:70 - example_answer は詳細記事用の任意列です。本文としては短めです
[WARN] data/glossary_terms.csv:71 - example_answer は詳細記事用の任意列です。本文としては短めです
[WARN] data/glossary_terms.csv:72 - example_answer は詳細記事用の任意列です。本文としては短めです
[WARN] data/glossary_terms.csv:73 - example_answer は詳細記事用の任意列です。本文としては短めです
[WARN] data/glossary_terms.csv:74 - example_answer は詳細記事用の任意列です。本文としては短めです
[WARN] data/glossary_terms.csv:75 - example_answer は詳細記事用の任意列です。本文としては短めです
[WARN] data/glossary_terms.csv:76 - example_answer は詳細記事用の任意列です。本文としては短めです
[WARN] data/glossary_terms.csv:77 - example_answer は詳細記事用の任意列です。本文としては短めです
[WARN] data/glossary_terms.csv:78 - example_answer は詳細記事用の任意列です。本文としては短めです
[WARN] data/glossary_terms.csv:79 - example_answer は詳細記事用の任意列です。本文としては短めです
[WARN] data/glossary_terms.csv:80 - example_answer は詳細記事用の任意列です。本文としては短めです
[WARN] data/glossary_terms.csv:81 - example_answer は詳細記事用の任意列です。本文としては短めです
[WARN] data/glossary_terms.csv:82 - example_answer は詳細記事用の任意列です。本文としては短めです
[WARN] data/glossary_terms.csv:83 - example_answer は詳細記事用の任意列です。本文としては短めです
[WARN] data/glossary_terms.csv:84 - example_answer は詳細記事用の任意列です。本文としては短めです
[WARN] data/glossary_terms.csv:85 - example_answer は詳細記事用の任意列です。本文としては短めです
[WARN] data/glossary_terms.csv:86 - example_answer は詳細記事用の任意列です。本文としては短めです
[WARN] data/glossary_terms.csv:87 - example_answer は詳細記事用の任意列です。本文としては短めです
[WARN] data/glossary_terms.csv:88 - example_answer は詳細記事用の任意列です。本文としては短めです
[WARN] data/glossary_terms.csv:89 - example_answer は詳細記事用の任意列です。本文としては短めです
[WARN] data/glossary_terms.csv:90 - example_answer は詳細記事用の任意列です。本文としては短めです
[WARN] data/glossary_terms.csv:91 - example_answer は詳細記事用の任意列です。本文としては短めです
[WARN] data/glossary_terms.csv:92 - example_answer は詳細記事用の任意列です。本文としては短めです
[WARN] data/glossary_terms.csv:93 - example_answer は詳細記事用の任意列です。本文としては短めです
[WARN] data/glossary_terms.csv:94 - example_answer は詳細記事用の任意列です。本文としては短めです
[WARN] data/glossary_terms.csv:95 - example_answer は詳細記事用の任意列です。本文としては短めです
[WARN] data/glossary_terms.csv:97 - example_answer は詳細記事用の任意列です。本文としては短めです
[WARN] data/glossary_terms.csv:98 - example_answer は詳細記事用の任意列です。本文としては短めです
[WARN] data/glossary_terms.csv:98 - related_terms の '取扱基準' は用語ページにリンク化されません（登録済み用語名に直すと内部リンクになります）
[WARN] data/glossary_terms.csv:99 - example_answer は詳細記事用の任意列です。本文としては短めです
[WARN] data/glossary_terms.csv:100 - example_answer は詳細記事用の任意列です。本文としては短めです
[WARN] data/glossary_terms.csv:101 - example_answer は詳細記事用の任意列です。本文としては短めです
[WARN] data/glossary_terms.csv:102 - example_answer は詳細記事用の任意列です。本文としては短めです
[WARN] data/glossary_terms.csv:103 - example_answer は詳細記事用の任意列です。本文としては短めです
[WARN] data/glossary_terms.csv:104 - example_answer は詳細記事用の任意列です。本文としては短めです
[WARN] data/glossary_terms.csv:105 - example_answer は詳細記事用の任意列です。本文としては短めです
[WARN] data/glossary_terms.csv:106 - example_answer は詳細記事用の任意列です。本文としては短めです
[WARN] data/glossary_terms.csv:107 - example_answer は詳細記事用の任意列です。本文としては短めです
[WARN] data/glossary_terms.csv:108 - example_answer は詳細記事用の任意列です。本文としては短めです
[WARN] data/glossary_terms.csv:109 - example_answer は詳細記事用の任意列です。本文としては短めです
[WARN] data/glossary_terms.csv:110 - example_answer は詳細記事用の任意列です。本文としては短めです
[WARN] data/glossary_terms.csv:111 - example_answer は詳細記事用の任意列です。本文としては短めです
[WARN] data/glossary_terms.csv:112 - example_answer は詳細記事用の任意列です。本文としては短めです
[WARN] data/glossary_terms.csv:113 - example_answer は詳細記事用の任意列です。本文としては短めです
[WARN] data/glossary_terms.csv:114 - example_answer は詳細記事用の任意列です。本文としては短めです
[WARN] data/glossary_terms.csv:115 - example_answer は詳細記事用の任意列です。本文としては短めです
[WARN] data/glossary_terms.csv:116 - example_answer は詳細記事用の任意列です。本文としては短めです
[WARN] data/glossary_terms.csv:117 - example_answer は詳細記事用の任意列です。本文としては短めです
[WARN] data/glossary_terms.csv:118 - example_answer は詳細記事用の任意列です。本文としては短めです
[WARN] data/glossary_terms.csv:119 - example_answer は詳細記事用の任意列です。本文としては短めです
[WARN] data/glossary_terms.csv:120 - example_answer は詳細記事用の任意列です。本文としては短めです
[WARN] data/glossary_terms.csv:121 - example_answer は詳細記事用の任意列です。本文としては短めです
[WARN] data/glossary_terms.csv:122 - example_answer は詳細記事用の任意列です。本文としては短めです
[WARN] data/glossary_terms.csv:123 - example_answer は詳細記事用の任意列です。本文としては短めです
[WARN] data/glossary_terms.csv:124 - example_answer は詳細記事用の任意列です。本文としては短めです
[WARN] data/glossary_terms.csv:125 - example_answer は詳細記事用の任意列です。本文としては短めです
[WARN] data/glossary_terms.csv:126 - example_answer は詳細記事用の任意列です。本文としては短めです
[WARN] data/glossary_terms.csv:127 - example_answer は詳細記事用の任意列です。本文としては短めです
[WARN] data/glossary_terms.csv:128 - example_answer は詳細記事用の任意列です。本文としては短めです
[WARN] data/glossary_terms.csv:129 - example_answer は詳細記事用の任意列です。本文としては短めです
[WARN] data/glossary_terms.csv:130 - example_answer は詳細記事用の任意列です。本文としては短めです
[WARN] data/glossary_terms.csv:131 - example_answer は詳細記事用の任意列です。本文としては短めです
[WARN] data/glossary_terms.csv:132 - example_answer は詳細記事用の任意列です。本文としては短めです
[WARN] data/glossary_terms.csv:133 - example_answer は詳細記事用の任意列です。本文としては短めです
[WARN] data/glossary_terms.csv:134 - example_answer は詳細記事用の任意列です。本文としては短めです
[WARN] data/glossary_terms.csv:135 - example_answer は詳細記事用の任意列です。本文としては短めです
[WARN] data/glossary_terms.csv:136 - example_answer は詳細記事用の任意列です。本文としては短めです
[WARN] data/glossary_terms.csv:137 - example_answer は詳細記事用の任意列です。本文としては短めです
[WARN] data/glossary_terms.csv:138 - example_answer は詳細記事用の任意列です。本文としては短めです
[WARN] data/glossary_terms.csv:139 - example_answer は詳細記事用の任意列です。本文としては短めです
[WARN] data/glossary_terms.csv:140 - example_answer は詳細記事用の任意列です。本文としては短めです
[WARN] data/glossary_terms.csv:141 - example_answer は詳細記事用の任意列です。本文としては短めです
[WARN] data/glossary_terms.csv:142 - example_answer は詳細記事用の任意列です。本文としては短めです
[WARN] data/glossary_terms.csv:143 - example_answer は詳細記事用の任意列です。本文としては短めです
[WARN] data/glossary_terms.csv:144 - example_answer は詳細記事用の任意列です。本文としては短めです
[WARN] data/glossary_terms.csv:145 - example_answer は詳細記事用の任意列です。本文としては短めです
[WARN] data/glossary_terms.csv:146 - example_answer は詳細記事用の任意列です。本文としては短めです
[WARN] data/glossary_terms.csv:147 - example_answer は詳細記事用の任意列です。本文としては短めです
[WARN] data/glossary_terms.csv:148 - example_answer は詳細記事用の任意列です。本文としては短めです
[WARN] data/glossary_terms.csv:149 - example_answer は詳細記事用の任意列です。本文としては短めです
[WARN] data/glossary_terms.csv:150 - example_answer は詳細記事用の任意列です。本文としては短めです
[WARN] data/glossary_terms.csv:151 - example_answer は詳細記事用の任意列です。本文としては短めです
[WARN] data/glossary_terms.csv:152 - example_answer は詳細記事用の任意列です。本文としては短めです
[WARN] data/glossary_terms.csv:153 - example_answer は詳細記事用の任意列です。本文としては短めです
[WARN] data/glossary_terms.csv:154 - example_answer は詳細記事用の任意列です。本文としては短めです
[WARN] data/glossary_terms.csv:155 - example_answer は詳細記事用の任意列です。本文としては短めです
[WARN] data/glossary_terms.csv:156 - example_answer は詳細記事用の任意列です。本文としては短めです
[WARN] data/glossary_terms.csv:157 - example_answer は詳細記事用の任意列です。本文としては短めです
[WARN] data/glossary_terms.csv:158 - example_answer は詳細記事用の任意列です。本文としては短めです
[WARN] data/glossary_terms.csv:159 - example_answer は詳細記事用の任意列です。本文としては短めです
[WARN] data/glossary_terms.csv:160 - example_answer は詳細記事用の任意列です。本文としては短めです
[WARN] data/glossary_terms.csv:160 - related_terms の '掲示板' は用語ページにリンク化されません（登録済み用語名に直すと内部リンクになります）
[WARN] data/glossary_terms.csv:161 - example_answer は詳細記事用の任意列です。本文としては短めです
[WARN] data/glossary_terms.csv:161 - related_terms の '掲示板' は用語ページにリンク化されません（登録済み用語名に直すと内部リンクになります）
[WARN] data/glossary_terms.csv:162 - example_answer は詳細記事用の任意列です。本文としては短めです
[WARN] data/glossary_terms.csv:163 - example_answer は詳細記事用の任意列です。本文としては短めです
[WARN] data/glossary_terms.csv:164 - example_answer は詳細記事用の任意列です。本文としては短めです
[WARN] data/glossary_terms.csv:165 - example_answer は詳細記事用の任意列です。本文としては短めです
[WARN] data/glossary_terms.csv:166 - example_answer は詳細記事用の任意列です。本文としては短めです
[WARN] data/glossary_terms.csv:167 - example_answer は詳細記事用の任意列です。本文としては短めです
[WARN] data/glossary_terms.csv:168 - example_answer は詳細記事用の任意列です。本文としては短めです
[WARN] data/glossary_terms.csv:169 - example_answer は詳細記事用の任意列です。本文としては短めです
[WARN] data/glossary_terms.csv:169 - related_terms の '掲示板' は用語ページにリンク化されません（登録済み用語名に直すと内部リンクになります）
[WARN] data/glossary_terms.csv:170 - example_answer は詳細記事用の任意列です。本文としては短めです
[WARN] data/glossary_terms.csv:171 - example_answer は詳細記事用の任意列です。本文としては短めです
[WARN] data/glossary_terms.csv:172 - example_answer は詳細記事用の任意列です。本文としては短めです
[WARN] data/glossary_terms.csv:173 - example_answer は詳細記事用の任意列です。本文としては短めです
[WARN] data/glossary_terms.csv:174 - example_answer は詳細記事用の任意列です。本文としては短めです
[WARN] data/glossary_terms.csv:175 - example_answer は詳細記事用の任意列です。本文としては短めです
[WARN] data/glossary_terms.csv:176 - example_answer は詳細記事用の任意列です。本文としては短めです
[WARN] data/glossary_terms.csv:177 - example_answer は詳細記事用の任意列です。本文としては短めです
[WARN] data/glossary_terms.csv:178 - example_answer は詳細記事用の任意列です。本文としては短めです
[WARN] data/glossary_terms.csv:179 - example_answer は詳細記事用の任意列です。本文としては短めです
[WARN] data/glossary_terms.csv:180 - example_answer は詳細記事用の任意列です。本文としては短めです
[WARN] data/glossary_terms.csv:181 - example_answer は詳細記事用の任意列です。本文としては短めです
[WARN] data/glossary_terms.csv:182 - example_answer は詳細記事用の任意列です。本文としては短めです
[WARN] data/glossary_terms.csv:183 - example_answer は詳細記事用の任意列です。本文としては短めです
[WARN] data/glossary_terms.csv:184 - example_answer は詳細記事用の任意列です。本文としては短めです
[WARN] data/glossary_terms.csv:185 - example_answer は詳細記事用の任意列です。本文としては短めです
[WARN] data/glossary_terms.csv:186 - example_answer は詳細記事用の任意列です。本文としては短めです
[WARN] data/glossary_terms.csv:187 - example_answer は詳細記事用の任意列です。本文としては短めです
[WARN] data/glossary_terms.csv:188 - example_answer は詳細記事用の任意列です。本文としては短めです
[WARN] data/glossary_terms.csv:189 - example_answer は詳細記事用の任意列です。本文としては短めです
[WARN] data/glossary_terms.csv:190 - example_answer は詳細記事用の任意列です。本文としては短めです
[WARN] data/glossary_terms.csv:191 - example_answer は詳細記事用の任意列です。本文としては短めです
[WARN] data/glossary_terms.csv:192 - example_answer は詳細記事用の任意列です。本文としては短めです
[WARN] data/glossary_terms.csv:193 - example_answer は詳細記事用の任意列です。本文としては短めです
[WARN] data/glossary_terms.csv:194 - example_answer は詳細記事用の任意列です。本文としては短めです
[WARN] data/glossary_terms.csv:195 - example_answer は詳細記事用の任意列です。本文としては短めです
[WARN] data/glossary_terms.csv:196 - example_answer は詳細記事用の任意列です。本文としては短めです
[WARN] data/glossary_terms.csv:197 - example_answer は詳細記事用の任意列です。本文としては短めです
[WARN] data/glossary_terms.csv:198 - example_answer は詳細記事用の任意列です。本文としては短めです
[WARN] data/glossary_terms.csv:199 - example_answer は詳細記事用の任意列です。本文としては短めです
[WARN] data/glossary_terms.csv:201 - example_answer は詳細記事用の任意列です。本文としては短めです
[WARN] data/glossary_terms.csv:203 - example_answer は詳細記事用の任意列です。本文としては短めです
[WARN] data/glossary_terms.csv:204 - example_answer は詳細記事用の任意列です。本文としては短めです
[WARN] data/glossary_terms.csv:205 - example_answer は詳細記事用の任意列です。本文としては短めです
[WARN] data/glossary_terms.csv:206 - example_answer は詳細記事用の任意列です。本文としては短めです
[WARN] data/glossary_terms.csv:207 - example_answer は詳細記事用の任意列です。本文としては短めです
[WARN] data/glossary_terms.csv:208 - example_answer は詳細記事用の任意列です。本文としては短めです
[WARN] data/glossary_terms.csv:209 - example_answer は詳細記事用の任意列です。本文としては短めです
[WARN] data/glossary_terms.csv:210 - example_answer は詳細記事用の任意列です。本文としては短めです
[WARN] data/glossary_terms.csv:211 - example_answer は詳細記事用の任意列です。本文としては短めです
[WARN] data/glossary_terms.csv:212 - example_answer は詳細記事用の任意列です。本文としては短めです
[WARN] data/glossary_terms.csv:213 - example_answer は詳細記事用の任意列です。本文としては短めです
[WARN] data/glossary_terms.csv:214 - example_answer は詳細記事用の任意列です。本文としては短めです
[WARN] data/glossary_terms.csv:215 - example_answer は詳細記事用の任意列です。本文としては短めです
[WARN] data/glossary_terms.csv:216 - example_answer は詳細記事用の任意列です。本文としては短めです
[WARN] data/glossary_terms.csv:217 - example_answer は詳細記事用の任意列です。本文としては短めです
[WARN] data/glossary_terms.csv:218 - example_answer は詳細記事用の任意列です。本文としては短めです
[WARN] data/glossary_terms.csv:219 - example_answer は詳細記事用の任意列です。本文としては短めです
[WARN] data/glossary_terms.csv:220 - example_answer は詳細記事用の任意列です。本文としては短めです
[WARN] data/glossary_terms.csv:221 - example_answer は詳細記事用の任意列です。本文としては短めです
[WARN] data/glossary_terms.csv:222 - example_answer は詳細記事用の任意列です。本文としては短めです
[WARN] data/glossary_terms.csv:223 - example_answer は詳細記事用の任意列です。本文としては短めです
[WARN] data/glossary_terms.csv:224 - example_answer は詳細記事用の任意列です。本文としては短めです
[WARN] data/glossary_terms.csv:225 - example_answer は詳細記事用の任意列です。本文としては短めです
[WARN] data/glossary_terms.csv:225 - related_terms の '熱' は用語ページにリンク化されません（登録済み用語名に直すと内部リンクになります）
[WARN] data/glossary_terms.csv:226 - example_answer は詳細記事用の任意列です。本文としては短めです
[WARN] data/glossary_terms.csv:227 - example_answer は詳細記事用の任意列です。本文としては短めです
[WARN] data/glossary_terms.csv:228 - example_answer は詳細記事用の任意列です。本文としては短めです
[WARN] data/glossary_terms.csv:229 - example_answer は詳細記事用の任意列です。本文としては短めです
[WARN] data/glossary_terms.csv:230 - example_answer は詳細記事用の任意列です。本文としては短めです
[WARN] data/glossary_terms.csv:231 - example_answer は詳細記事用の任意列です。本文としては短めです
[WARN] data/glossary_terms.csv:232 - example_answer は詳細記事用の任意列です。本文としては短めです
[WARN] data/glossary_terms.csv:233 - example_answer は詳細記事用の任意列です。本文としては短めです
[WARN] data/glossary_terms.csv:234 - example_answer は詳細記事用の任意列です。本文としては短めです
[WARN] data/glossary_terms.csv:235 - example_answer は詳細記事用の任意列です。本文としては短めです
[WARN] data/glossary_terms.csv:236 - example_answer は詳細記事用の任意列です。本文としては短めです
[WARN] data/glossary_terms.csv:237 - example_answer は詳細記事用の任意列です。本文としては短めです
[WARN] data/glossary_terms.csv:238 - example_answer は詳細記事用の任意列です。本文としては短めです
[WARN] data/glossary_terms.csv:239 - example_answer は詳細記事用の任意列です。本文としては短めです
[WARN] data/glossary_terms.csv:240 - example_answer は詳細記事用の任意列です。本文としては短めです
[WARN] data/glossary_terms.csv:241 - example_answer は詳細記事用の任意列です。本文としては短めです
[WARN] data/glossary_terms.csv:242 - example_answer は詳細記事用の任意列です。本文としては短めです
[WARN] data/glossary_terms.csv:243 - example_answer は詳細記事用の任意列です。本文としては短めです
[WARN] data/glossary_terms.csv:244 - example_answer は詳細記事用の任意列です。本文としては短めです
[WARN] data/glossary_terms.csv:245 - example_answer は詳細記事用の任意列です。本文としては短めです
[WARN] data/glossary_terms.csv:246 - example_answer は詳細記事用の任意列です。本文としては短めです
[WARN] data/glossary_terms.csv:247 - example_answer は詳細記事用の任意列です。本文としては短めです
[WARN] data/glossary_terms.csv:248 - example_answer は詳細記事用の任意列です。本文としては短めです
[WARN] data/glossary_terms.csv:249 - example_answer は詳細記事用の任意列です。本文としては短めです
[WARN] data/glossary_terms.csv:250 - example_answer は詳細記事用の任意列です。本文としては短めです
[WARN] data/glossary_terms.csv:251 - example_answer は詳細記事用の任意列です。本文としては短めです
[WARN] data/glossary_terms.csv:252 - example_answer は詳細記事用の任意列です。本文としては短めです
[WARN] data/glossary_terms.csv:253 - example_answer は詳細記事用の任意列です。本文としては短めです
[WARN] data/glossary_terms.csv:254 - example_answer は詳細記事用の任意列です。本文としては短めです
[WARN] data/glossary_terms.csv:255 - example_answer は詳細記事用の任意列です。本文としては短めです
[WARN] data/glossary_terms.csv:256 - example_answer は詳細記事用の任意列です。本文としては短めです
[WARN] data/glossary_terms.csv:257 - example_answer は詳細記事用の任意列です。本文としては短めです
[WARN] data/glossary_terms.csv:258 - example_answer は詳細記事用の任意列です。本文としては短めです
[WARN] data/glossary_terms.csv:259 - example_answer は詳細記事用の任意列です。本文としては短めです
[WARN] data/glossary_terms.csv:260 - example_answer は詳細記事用の任意列です。本文としては短めです
[WARN] data/glossary_terms.csv:261 - example_answer は詳細記事用の任意列です。本文としては短めです
[WARN] data/glossary_terms.csv:262 - example_answer は詳細記事用の任意列です。本文としては短めです
[WARN] data/glossary_terms.csv:263 - example_answer は詳細記事用の任意列です。本文としては短めです
[WARN] data/glossary_terms.csv:264 - example_answer は詳細記事用の任意列です。本文としては短めです
[WARN] data/glossary_terms.csv:265 - example_answer は詳細記事用の任意列です。本文としては短めです
[WARN] data/glossary_terms.csv:266 - example_answer は詳細記事用の任意列です。本文としては短めです
[WARN] data/glossary_terms.csv:267 - example_answer は詳細記事用の任意列です。本文としては短めです
[WARN] data/glossary_terms.csv:268 - example_answer は詳細記事用の任意列です。本文としては短めです
[WARN] data/glossary_terms.csv:268 - related_terms の '取扱い' は用語ページにリンク化されません（登録済み用語名に直すと内部リンクになります）
[WARN] data/glossary_terms.csv:269 - example_answer は詳細記事用の任意列です。本文としては短めです
[WARN] data/glossary_terms.csv:270 - example_answer は詳細記事用の任意列です。本文としては短めです
[WARN] data/glossary_terms.csv:271 - example_answer は詳細記事用の任意列です。本文としては短めです
[WARN] data/glossary_terms.csv:272 - example_answer は詳細記事用の任意列です。本文としては短めです
[WARN] data/glossary_terms.csv:273 - example_answer は詳細記事用の任意列です。本文としては短めです
[WARN] data/glossary_terms.csv:274 - example_answer は詳細記事用の任意列です。本文としては短めです
[WARN] data/glossary_terms.csv:275 - example_answer は詳細記事用の任意列です。本文としては短めです
[WARN] data/glossary_terms.csv:276 - example_answer は詳細記事用の任意列です。本文としては短めです
[WARN] data/glossary_terms.csv:277 - example_answer は詳細記事用の任意列です。本文としては短めです
[WARN] data/glossary_terms.csv:278 - example_answer は詳細記事用の任意列です。本文としては短めです
[WARN] data/glossary_terms.csv:279 - example_answer は詳細記事用の任意列です。本文としては短めです
[WARN] data/glossary_terms.csv:280 - example_answer は詳細記事用の任意列です。本文としては短めです
[WARN] data/glossary_terms.csv:281 - example_answer は詳細記事用の任意列です。本文としては短めです
[WARN] data/glossary_terms.csv:282 - example_answer は詳細記事用の任意列です。本文としては短めです
[WARN] data/glossary_terms.csv:283 - example_answer は詳細記事用の任意列です。本文としては短めです
[WARN] data/glossary_terms.csv:284 - example_answer は詳細記事用の任意列です。本文としては短めです
[WARN] data/glossary_terms.csv:285 - example_answer は詳細記事用の任意列です。本文としては短めです
[WARN] data/glossary_terms.csv:286 - example_answer は詳細記事用の任意列です。本文としては短めです
[WARN] data/glossary_terms.csv:287 - example_answer は詳細記事用の任意列です。本文としては短めです
[WARN] data/glossary_terms.csv:288 - example_answer は詳細記事用の任意列です。本文としては短めです
[WARN] data/glossary_terms.csv:289 - example_answer は詳細記事用の任意列です。本文としては短めです
[WARN] data/glossary_terms.csv:290 - example_answer は詳細記事用の任意列です。本文としては短めです
[WARN] data/glossary_terms.csv:291 - example_answer は詳細記事用の任意列です。本文としては短めです
[WARN] data/glossary_terms.csv:292 - example_answer は詳細記事用の任意列です。本文としては短めです
[WARN] data/glossary_terms.csv:293 - example_answer は詳細記事用の任意列です。本文としては短めです
[WARN] data/glossary_terms.csv:294 - example_answer は詳細記事用の任意列です。本文としては短めです
[WARN] data/glossary_terms.csv:295 - example_answer は詳細記事用の任意列です。本文としては短めです
[WARN] data/glossary_terms.csv:296 - example_answer は詳細記事用の任意列です。本文としては短めです
[WARN] data/glossary_terms.csv:297 - example_answer は詳細記事用の任意列です。本文としては短めです
[WARN] data/glossary_terms.csv:298 - example_answer は詳細記事用の任意列です。本文としては短めです
[WARN] data/glossary_terms.csv:299 - example_answer は詳細記事用の任意列です。本文としては短めです
[WARN] data/glossary_terms.csv:300 - example_answer は詳細記事用の任意列です。本文としては短めです
[WARN] data/glossary_terms.csv:301 - example_answer は詳細記事用の任意列です。本文としては短めです
[WARN] data/glossary_terms.csv:302 - example_answer は詳細記事用の任意列です。本文としては短めです
[WARN] data/glossary_terms.csv:303 - example_answer は詳細記事用の任意列です。本文としては短めです
[WARN] data/glossary_terms.csv:304 - example_answer は詳細記事用の任意列です。本文としては短めです
[WARN] data/glossary_terms.csv:305 - example_answer は詳細記事用の任意列です。本文としては短めです
[WARN] data/glossary_terms.csv:306 - example_answer は詳細記事用の任意列です。本文としては短めです
[WARN] data/glossary_terms.csv:307 - example_answer は詳細記事用の任意列です。本文としては短めです
[WARN] data/glossary_terms.csv:308 - example_answer は詳細記事用の任意列です。本文としては短めです
[WARN] data/glossary_terms.csv:309 - example_answer は詳細記事用の任意列です。本文としては短めです
[WARN] data/glossary_terms.csv:310 - example_answer は詳細記事用の任意列です。本文としては短めです
[WARN] data/glossary_terms.csv:311 - example_answer は詳細記事用の任意列です。本文としては短めです
[WARN] data/glossary_terms.csv:312 - example_answer は詳細記事用の任意列です。本文としては短めです
[WARN] data/glossary_terms.csv:313 - example_answer は詳細記事用の任意列です。本文としては短めです
[WARN] data/glossary_terms.csv:314 - example_answer は詳細記事用の任意列です。本文としては短めです
[WARN] data/glossary_terms.csv:315 - example_answer は詳細記事用の任意列です。本文としては短めです
[WARN] data/glossary_terms.csv:316 - example_answer は詳細記事用の任意列です。本文としては短めです
[WARN] data/glossary_terms.csv:317 - example_answer は詳細記事用の任意列です。本文としては短めです
[WARN] data/glossary_terms.csv:318 - example_answer は詳細記事用の任意列です。本文としては短めです
[WARN] data/glossary_terms.csv:319 - example_answer は詳細記事用の任意列です。本文としては短めです
[WARN] data/glossary_terms.csv:320 - example_answer は詳細記事用の任意列です。本文としては短めです
[WARN] data/glossary_terms.csv:321 - example_answer は詳細記事用の任意列です。本文としては短めです
[WARN] data/glossary_terms.csv:322 - example_answer は詳細記事用の任意列です。本文としては短めです
[WARN] data/glossary_terms.csv:323 - example_answer は詳細記事用の任意列です。本文としては短めです
[WARN] data/glossary_terms.csv:324 - example_answer は詳細記事用の任意列です。本文としては短めです
[WARN] data/glossary_terms.csv:325 - example_answer は詳細記事用の任意列です。本文としては短めです
[WARN] data/glossary_terms.csv:326 - example_answer は詳細記事用の任意列です。本文としては短めです
[WARN] data/glossary_terms.csv:327 - example_answer は詳細記事用の任意列です。本文としては短めです
[WARN] data/glossary_terms.csv:328 - example_answer は詳細記事用の任意列です。本文としては短めです
[WARN] data/glossary_terms.csv:329 - example_answer は詳細記事用の任意列です。本文としては短めです
[WARN] data/glossary_terms.csv:330 - example_answer は詳細記事用の任意列です。本文としては短めです
[WARN] data/glossary_terms.csv:331 - example_answer は詳細記事用の任意列です。本文としては短めです
[WARN] data/glossary_terms.csv:332 - example_answer は詳細記事用の任意列です。本文としては短めです
[WARN] data/glossary_terms.csv:333 - example_answer は詳細記事用の任意列です。本文としては短めです
[WARN] data/glossary_terms.csv:334 - example_answer は詳細記事用の任意列です。本文としては短めです
[WARN] data/glossary_terms.csv:335 - example_answer は詳細記事用の任意列です。本文としては短めです
[WARN] data/glossary_terms.csv:336 - example_answer は詳細記事用の任意列です。本文としては短めです
[WARN] data/glossary_terms.csv:337 - example_answer は詳細記事用の任意列です。本文としては短めです
[WARN] data/glossary_terms.csv:338 - example_answer は詳細記事用の任意列です。本文としては短めです
[WARN] data/glossary_terms.csv:339 - example_answer は詳細記事用の任意列です。本文としては短めです
[WARN] data/glossary_terms.csv:340 - example_answer は詳細記事用の任意列です。本文としては短めです
[WARN] data/glossary_terms.csv:341 - example_answer は詳細記事用の任意列です。本文としては短めです
[WARN] data/glossary_terms.csv:342 - example_answer は詳細記事用の任意列です。本文としては短めです
[WARN] data/glossary_terms.csv:342 - related_terms の 'アルカリ' は用語ページにリンク化されません（登録済み用語名に直すと内部リンクになります）
[WARN] data/glossary_terms.csv:343 - example_answer は詳細記事用の任意列です。本文としては短めです
[WARN] data/glossary_terms.csv:344 - example_answer は詳細記事用の任意列です。本文としては短めです
[WARN] data/glossary_terms.csv:345 - example_answer は詳細記事用の任意列です。本文としては短めです
[WARN] data/glossary_terms.csv:346 - example_answer は詳細記事用の任意列です。本文としては短めです
[WARN] data/glossary_terms.csv:347 - example_answer は詳細記事用の任意列です。本文としては短めです
[WARN] data/glossary_terms.csv:348 - example_answer は詳細記事用の任意列です。本文としては短めです
[WARN] data/glossary_terms.csv:349 - example_answer は詳細記事用の任意列です。本文としては短めです
[WARN] data/glossary_terms.csv:350 - example_answer は詳細記事用の任意列です。本文としては短めです
[WARN] data/glossary_terms.csv:351 - example_answer は詳細記事用の任意列です。本文としては短めです
[WARN] data/glossary_terms.csv:352 - example_answer は詳細記事用の任意列です。本文としては短めです
[WARN] data/glossary_terms.csv:353 - example_answer は詳細記事用の任意列です。本文としては短めです
[WARN] data/glossary_terms.csv:354 - example_answer は詳細記事用の任意列です。本文としては短めです
[WARN] data/glossary_terms.csv:355 - example_answer は詳細記事用の任意列です。本文としては短めです
[WARN] data/glossary_terms.csv:356 - example_answer は詳細記事用の任意列です。本文としては短めです
[WARN] data/glossary_terms.csv:357 - example_answer は詳細記事用の任意列です。本文としては短めです
[WARN] data/glossary_terms.csv:358 - example_answer は詳細記事用の任意列です。本文としては短めです
[WARN] data/glossary_terms.csv:359 - example_answer は詳細記事用の任意列です。本文としては短めです
[WARN] data/glossary_terms.csv:360 - example_answer は詳細記事用の任意列です。本文としては短めです
[WARN] data/glossary_terms.csv:361 - example_answer は詳細記事用の任意列です。本文としては短めです
[WARN] data/glossary_terms.csv:362 - example_answer は詳細記事用の任意列です。本文としては短めです
[WARN] data/glossary_terms.csv:363 - example_answer は詳細記事用の任意列です。本文としては短めです
[WARN] data/glossary_terms.csv:364 - example_answer は詳細記事用の任意列です。本文としては短めです
[WARN] data/glossary_terms.csv:365 - example_answer は詳細記事用の任意列です。本文としては短めです
[WARN] data/glossary_terms.csv:366 - example_answer は詳細記事用の任意列です。本文としては短めです
[WARN] data/glossary_terms.csv:367 - example_answer は詳細記事用の任意列です。本文としては短めです
[WARN] data/glossary_terms.csv:368 - example_answer は詳細記事用の任意列です。本文としては短めです
[WARN] data/glossary_terms.csv:369 - example_answer は詳細記事用の任意列です。本文としては短めです
[WARN] data/glossary_terms.csv:370 - example_answer は詳細記事用の任意列です。本文としては短めです
[WARN] data/glossary_terms.csv:371 - example_answer は詳細記事用の任意列です。本文としては短めです
[WARN] data/glossary_terms.csv:372 - example_answer は詳細記事用の任意列です。本文としては短めです
[WARN] data/glossary_terms.csv:373 - example_answer は詳細記事用の任意列です。本文としては短めです
[WARN] data/glossary_terms.csv:376 - example_answer は詳細記事用の任意列です。本文としては短めです
[WARN] data/glossary_terms.csv:377 - example_answer は詳細記事用の任意列です。本文としては短めです
[WARN] data/glossary_terms.csv:378 - example_answer は詳細記事用の任意列です。本文としては短めです
[WARN] data/glossary_terms.csv:379 - example_answer は詳細記事用の任意列です。本文としては短めです
[WARN] data/glossary_terms.csv:380 - example_answer は詳細記事用の任意列です。本文としては短めです
[WARN] data/glossary_terms.csv:381 - example_answer は詳細記事用の任意列です。本文としては短めです
[WARN] data/glossary_terms.csv:382 - example_answer は詳細記事用の任意列です。本文としては短めです
[WARN] data/glossary_terms.csv:383 - example_answer は詳細記事用の任意列です。本文としては短めです
[WARN] data/glossary_terms.csv:384 - example_answer は詳細記事用の任意列です。本文としては短めです
[WARN] data/glossary_terms.csv:385 - example_answer は詳細記事用の任意列です。本文としては短めです
[WARN] data/glossary_terms.csv:386 - example_answer は詳細記事用の任意列です。本文としては短めです
[WARN] data/glossary_terms.csv:387 - example_answer は詳細記事用の任意列です。本文としては短めです
[WARN] data/glossary_terms.csv:388 - example_answer は詳細記事用の任意列です。本文としては短めです
[WARN] data/glossary_terms.csv:389 - example_answer は詳細記事用の任意列です。本文としては短めです
[WARN] data/glossary_terms.csv:390 - example_answer は詳細記事用の任意列です。本文としては短めです
[WARN] data/glossary_terms.csv:391 - example_answer は詳細記事用の任意列です。本文としては短めです
[WARN] data/glossary_terms.csv:392 - example_answer は詳細記事用の任意列です。本文としては短めです
[WARN] data/glossary_terms.csv:393 - example_answer は詳細記事用の任意列です。本文としては短めです
[WARN] data/glossary_terms.csv:394 - example_answer は詳細記事用の任意列です。本文としては短めです
[WARN] data/glossary_terms.csv:395 - example_answer は詳細記事用の任意列です。本文としては短めです
[WARN] data/glossary_terms.csv:396 - example_answer は詳細記事用の任意列です。本文としては短めです
[WARN] data/glossary_terms.csv:397 - example_answer は詳細記事用の任意列です。本文としては短めです
[WARN] data/glossary_terms.csv:398 - example_answer は詳細記事用の任意列です。本文としては短めです
[WARN] data/glossary_terms.csv:399 - example_answer は詳細記事用の任意列です。本文としては短めです
[WARN] data/glossary_terms.csv:400 - example_answer は詳細記事用の任意列です。本文としては短めです
[WARN] data/glossary_terms.csv:401 - example_answer は詳細記事用の任意列です。本文としては短めです
[WARN] data/glossary_terms.csv:402 - example_answer は詳細記事用の任意列です。本文としては短めです
[WARN] data/glossary_terms.csv:403 - example_answer は詳細記事用の任意列です。本文としては短めです
[WARN] data/glossary_terms.csv:404 - example_answer は詳細記事用の任意列です。本文としては短めです
[WARN] data/glossary_terms.csv:404 - related_terms の 'アルカリ' は用語ページにリンク化されません（登録済み用語名に直すと内部リンクになります）
[WARN] data/glossary_terms.csv:405 - example_answer は詳細記事用の任意列です。本文としては短めです
[WARN] data/glossary_terms.csv:405 - related_terms の '熱' は用語ページにリンク化されません（登録済み用語名に直すと内部リンクになります）
[WARN] data/glossary_terms.csv:406 - example_answer は詳細記事用の任意列です。本文としては短めです
[WARN] data/glossary_terms.csv:407 - example_answer は詳細記事用の任意列です。本文としては短めです
[WARN] data/glossary_terms.csv:408 - example_answer は詳細記事用の任意列です。本文としては短めです
[WARN] data/glossary_terms.csv:409 - example_answer は詳細記事用の任意列です。本文としては短めです
[WARN] data/glossary_terms.csv:410 - example_answer は詳細記事用の任意列です。本文としては短めです
[WARN] data/glossary_terms.csv:411 - example_answer は詳細記事用の任意列です。本文としては短めです
[WARN] data/glossary_terms.csv:412 - example_answer は詳細記事用の任意列です。本文としては短めです
[WARN] data/glossary_terms.csv:413 - example_answer は詳細記事用の任意列です。本文としては短めです
[WARN] data/glossary_terms.csv:414 - example_answer は詳細記事用の任意列です。本文としては短めです
[WARN] data/glossary_terms.csv:415 - example_answer は詳細記事用の任意列です。本文としては短めです
[WARN] data/glossary_terms.csv:416 - example_answer は詳細記事用の任意列です。本文としては短めです
[WARN] data/glossary_terms.csv:417 - example_answer は詳細記事用の任意列です。本文としては短めです
[WARN] data/glossary_terms.csv:418 - example_answer は詳細記事用の任意列です。本文としては短めです
[WARN] data/glossary_terms.csv:419 - example_answer は詳細記事用の任意列です。本文としては短めです
[WARN] data/glossary_terms.csv:420 - example_answer は詳細記事用の任意列です。本文としては短めです
[WARN] data/glossary_terms.csv:421 - example_answer は詳細記事用の任意列です。本文としては短めです
[WARN] data/glossary_terms.csv:422 - example_answer は詳細記事用の任意列です。本文としては短めです
[WARN] data/glossary_terms.csv:423 - example_answer は詳細記事用の任意列です。本文としては短めです
[WARN] data/guide_articles.csv:134 - アフィリエイト記事の lead に広告・PR（アフィリエイト）である旨を含めてください
CSV validation passed: 418 warning(s)
Updated articles/index.html
Wrote /Users/otedaiki/Projects/kikenbutsu-master/exam-site-data-past.js (過去問 35 問, 実践演習 500 問, 年度ラベル 1)
Wrote /Users/otedaiki/Projects/kikenbutsu-master/exam-site-data-ichimondou.js (500 rows)
Wrote 35 question pages under /Users/otedaiki/Projects/kikenbutsu-master/q/past
Wrote /Users/otedaiki/Projects/kikenbutsu-master/q/index.html
Sitemap: tools/build_sitemap.py で生成します
