=== audit_guide_quality ===
Guide articles: 140
ERROR: 0  WARN: 0
=== audit_glossary_quality ===
用語 422 件（詳細記事 406 件）
ERROR 0 / WARN 0 / INFO 220

--- INFO ---
  [source_alignment] pH: リードのキーワードが問題DB解説で未確認（手書き・要目視）
  [source_alignment] アセトアルデヒド: リードのキーワードが問題DB解説で未確認（手書き・要目視）
  [source_alignment] アセトン: リードのキーワードが問題DB解説で未確認（手書き・要目視）
  [source_alignment] アルカリの性質: リードのキーワードが問題DB解説で未確認（手書き・要目視）
  [source_alignment] アルコール類の基礎: リードのキーワードが問題DB解説で未確認（手書き・要目視）
  [source_alignment] イオン: リードのキーワードが問題DB解説で未確認（手書き・要目視）
  [source_alignment] エタノール: リードのキーワードが問題DB解説で未確認（手書き・要目視）
  [source_alignment] ガソリン: リードのキーワードが問題DB解説で未確認（手書き・要目視）
  [source_alignment] キシレン・酢酸などの第二石油類: リードのキーワードが問題DB解説で未確認（手書き・要目視）
  [source_alignment] クレオソート油・アニリン・エチレングリコール: リードのキーワードが問題DB解説で未確認（手書き・要目視）
  [source_alignment] グリセリン: リードのキーワードが問題DB解説で未確認（手書き・要目視）
=== audit_glossary_article_quality ===
用語数: 422
実践演習未連動: 0
本文が120字未満（内容薄）: 0
演習連動だが選択肢根拠風の段落なし: 3
定型フレーズ2件以上含有: 0
=== validate_public_content ===
Public content validation passed: 607 file(s)
=== audit_content_typos ===
audit_content_typos: 49 finding(s)
  duplicate_phrase: 48
  placeholder_tbd: 1

[duplicate_phrase] data/glossary_terms.csv:101:term_detail_body:9
  同一フレーズが 2 回（誤り。届出が必要になります場合がある。…）
  … 誤り。届出が必要になります場合がある。

[duplicate_phrase] data/glossary_terms.csv:102:term_detail_body:9
  同一フレーズが 2 回（誤り。届出が必要になります場合がある。…）
  … 誤り。届出が必要になります場合がある。

[duplicate_phrase] data/glossary_terms.csv:106:term_detail_body:1
  同一フレーズが 2 回（危険物施設保安員は施設保安に関する役割。…）
  … 危険物施設保安員は施設保安に関する役割。

[duplicate_phrase] data/glossary_terms.csv:119:term_detail_body:7
  同一フレーズが 2 回（誤り。溶解だけを指しますものではない。…）
  … 誤り。溶解だけを指しますものではない。

[duplicate_phrase] data/glossary_terms.csv:121:term_detail_body:5
  同一フレーズが 2 回（誤り。届出が必要になります場合がある。…）
  … 誤り。届出が必要になります場合がある。

[duplicate_phrase] data/glossary_terms.csv:127:term_detail_body:11
  同一フレーズが 2 回（誤り。完成検査が必要になります場合がある。…）
  … 誤り。完成検査が必要になります場合がある。

[duplicate_phrase] data/glossary_terms.csv:129:term_detail_body:9
  同一フレーズが 2 回（誤り。消火設備があっても点検が必要になります場合がある。…）
  … 誤り。消火設備があっても点検が必要になります場合がある。

[duplicate_phrase] data/glossary_terms.csv:130:term_detail_body:9
  同一フレーズが 2 回（誤り。消火設備があっても点検が必要になります場合がある。…）
  … 誤り。消火設備があっても点検が必要になります場合がある。

[duplicate_phrase] data/glossary_terms.csv:155:term_detail_body:5
  同一フレーズが 2 回（誤り。届出が必要になります場合がある。…）
  … 誤り。届出が必要になります場合がある。

TYPO_EXIT:0
